// Jest Snapshot v1, https://goo.gl/fbAQLP

exports[`Matches snapshot 1`] = `
<View
  onLayout={[Function]}
  style={
    Object {
      "flex": 1,
    }
  }
>
  <View
    collapsable={false}
    onGestureHandlerEvent={[Function]}
    onGestureHandlerStateChange={[Function]}
  >
    <View
      collapsable={false}
      onGestureHandlerEvent={[Function]}
      onGestureHandlerStateChange={[Function]}
      style={[MockFunction]}
    >
      <RNSVGSvgView
        align="xMidYMid"
        bbHeight={80}
        bbWidth={80}
        focusable={false}
        height={80}
        meetOrSlice={0}
        minX={0}
        minY={0}
        style={
          Array [
            Object {
              "backgroundColor": "transparent",
              "borderWidth": 0,
            },
            Object {
              "flex": 0,
              "height": 80,
              "width": 80,
            },
          ]
        }
        vbHeight={496}
        vbWidth={496}
        width={80}
      >
        <RNSVGGroup>
          <RNSVGPath
            d="M248 8C115.453 8 8 115.453 8 248s107.453 240 240 240 240-107.453 240-240S380.547 8 248 8zM96.922 402.398zm15.308-18.597A191.438 191.438 0 00248 440a191.432 191.432 0 01-135.77-56.23zM248 360c-61.855 0-112-50.145-112-112s50.145-112 112-112 112 50.145 112 112-50.145 112-112 112zm0-304zm0-24zm0 0"
            fill={4282466370}
            propList={
              Array [
                "fill",
              ]
            }
          />
          <RNSVGPath
            d="M248 136c-61.855 0-112 50.145-112 112s50.145 112 112 112 112-50.145 112-112-50.145-112-112-112zm0 128c-8.836 0-16-7.164-16-16s7.164-16 16-16 16 7.164 16 16-7.164 16-16 16zm0 0"
            fill={4278243017}
            propList={
              Array [
                "fill",
              ]
            }
          />
          <RNSVGPath
            d="M264 248c0 8.836-7.164 16-16 16s-16-7.164-16-16 7.164-16 16-16 16 7.164 16 16zm0 0"
            fill={4287862168}
            propList={
              Array [
                "fill",
              ]
            }
          />
          <RNSVGGroup
            fill={4280491808}
            propList={
              Array [
                "fill",
              ]
            }
          >
            <RNSVGPath
              d="M248 0C111.035 0 0 111.035 0 248s111.035 248 248 248 248-111.035 248-248C495.84 111.098 384.902.16 248 0zm0 480C119.871 480 16 376.129 16 248S119.871 16 248 16s232 103.871 232 232c-.14 128.07-103.93 231.86-232 232zm0 0"
            />
            <RNSVGPath
              d="M248 24a8 8 0 000 16 206.657 206.657 0 01147.078 60.922 8.007 8.007 0 0011.32 0 8 8 0 000-11.32A222.542 222.542 0 00248 24zm0 0M248 456a206.824 206.824 0 01-145.488-59.344 7.999 7.999 0 00-11.317.117c-3.093 3.157-3.039 8.223.118 11.317A222.752 222.752 0 00248 472a8 8 0 000-16zm0 0"
            />
            <RNSVGPath
              d="M248 48a8 8 0 000 16 182.862 182.862 0 01130.113 53.887 7.994 7.994 0 007.778 2.183 8.005 8.005 0 003.535-13.496A198.73 198.73 0 00248 48zm0 0M248 432a182.862 182.862 0 01-130.113-53.887 8 8 0 00-11.313 11.313A198.746 198.746 0 00248 448a8 8 0 000-16zm0 0M248 128c-66.273 0-120 53.727-120 120s53.727 120 120 120 120-53.727 120-120c-.074-66.242-53.758-119.926-120-120zm0 224c-57.438 0-104-46.563-104-104s46.563-104 104-104 104 46.563 104 104c-.066 57.41-46.59 103.934-104 104zm0 0"
            />
            <RNSVGPath
              d="M248 224c-13.254 0-24 10.746-24 24s10.746 24 24 24 24-10.746 24-24-10.746-24-24-24zm0 32a8 8 0 110-16 8 8 0 010 16zm0 0"
            />
          </RNSVGGroup>
        </RNSVGGroup>
      </RNSVGSvgView>
    </View>
  </View>
  <View
    pointerEvents="none"
    style={
      Array [
        Object {
          "position": "absolute",
        },
        Object {
          "bottom": 0,
          "left": 0,
          "right": 0,
        },
        Object {
          "alignItems": "center",
          "justifyContent": "flex-end",
        },
      ]
    }
    testID="absolute-container"
  >
    <View
      style={[MockFunction]}
    >
      <Text
        style={
          Object {
            "paddingBottom": 10,
          }
        }
      >
        Royalty Free Music from Bensound
      </Text>
    </View>
  </View>
</View>
`;
